// Jest Snapshot v1, https://goo.gl/fbAQLP

exports[`Textarea SNAPSHOTS should render 1`] = `
<Textarea>
  <Wrapper
    className="textarea-wrapper"
  >
    <Div
      className="textarea-wrapper"
    >
      <div
        className="textarea-wrapper"
      >
        <textarea
          aria-invalid={false}
          className="textarea-input"
          onBlur={[Function]}
          onChange={[Function]}
          onFocus={[Function]}
          onKeyDown={[Function]}
          value=""
        />
        <InvalidMessageWrapper>
          <InvalidMessage
            isValid={true}
            messages={Array []}
          >
            <Component
              isValid={true}
              messages={Array []}
            />
          </InvalidMessage>
        </InvalidMessageWrapper>
      </div>
    </Div>
  </Wrapper>
</Textarea>
`;
