// Jest Snapshot v1, https://goo.gl/fbAQLP

exports[`A SNAPSHOTS should render 1`] = `
<a
  onClick={[Function]}
/>
`;
