// Jest Snapshot v1, https://goo.gl/fbAQLP

exports[`Col component tests: should render 1`] = `
<col>
  test
</col>
`;
