// Jest Snapshot v1, https://goo.gl/fbAQLP

exports[`ColGroup component tests: should render 1`] = `
<colgroup>
  test
</colgroup>
`;
