// Jest Snapshot v1, https://goo.gl/fbAQLP

exports[`TBody component tests: should render 1`] = `
<tbody>
  test
</tbody>
`;
