// Jest Snapshot v1, https://goo.gl/fbAQLP

exports[`Td component tests: should render 1`] = `
<td>
  test
</td>
`;
