// Jest Snapshot v1, https://goo.gl/fbAQLP

exports[`Span SNAPSHOTS should render 1`] = `
<Span>
  <span>
    Hi, I'm a text!
  </span>
</Span>
`;
