// Jest Snapshot v1, https://goo.gl/fbAQLP

exports[`DropDown SNAPSHOTS should render 1`] = `
<div>
  <div
    class="dropdown-wrapper"
  />
</div>
`;
