// Jest Snapshot v1, https://goo.gl/fbAQLP

exports[`Div SNAPSHOTS should render 1`] = `<div />`;
